Archive member included to satisfy reference by file (symbol)

/Users/domenicoamelino/Documents/openstm32/Eclipse.app/Contents/Eclipse/plugins/fr.ac6.mcu.externaltools.arm-none.macos64_1.6.0.201601291255/tools/compiler/bin/../lib/gcc/arm-none-eabi/5.2.1/../../../../arm-none-eabi/lib/armv7e-m/fpu/libc.a(lib_a-errno.o)
                              src/syscalls.o (__errno)
/Users/domenicoamelino/Documents/openstm32/Eclipse.app/Contents/Eclipse/plugins/fr.ac6.mcu.externaltools.arm-none.macos64_1.6.0.201601291255/tools/compiler/bin/../lib/gcc/arm-none-eabi/5.2.1/../../../../arm-none-eabi/lib/armv7e-m/fpu/libc.a(lib_a-exit.o)
                              /Users/domenicoamelino/Documents/openstm32/Eclipse.app/Contents/Eclipse/plugins/fr.ac6.mcu.externaltools.arm-none.macos64_1.6.0.201601291255/tools/compiler/bin/../lib/gcc/arm-none-eabi/5.2.1/../../../../arm-none-eabi/lib/armv7e-m/fpu/crt0.o (exit)
/Users/domenicoamelino/Documents/openstm32/Eclipse.app/Contents/Eclipse/plugins/fr.ac6.mcu.externaltools.arm-none.macos64_1.6.0.201601291255/tools/compiler/bin/../lib/gcc/arm-none-eabi/5.2.1/../../../../arm-none-eabi/lib/armv7e-m/fpu/libc.a(lib_a-impure.o)
                              /Users/domenicoamelino/Documents/openstm32/Eclipse.app/Contents/Eclipse/plugins/fr.ac6.mcu.externaltools.arm-none.macos64_1.6.0.201601291255/tools/compiler/bin/../lib/gcc/arm-none-eabi/5.2.1/../../../../arm-none-eabi/lib/armv7e-m/fpu/libc.a(lib_a-exit.o) (_global_impure_ptr)
/Users/domenicoamelino/Documents/openstm32/Eclipse.app/Contents/Eclipse/plugins/fr.ac6.mcu.externaltools.arm-none.macos64_1.6.0.201601291255/tools/compiler/bin/../lib/gcc/arm-none-eabi/5.2.1/../../../../arm-none-eabi/lib/armv7e-m/fpu/libc.a(lib_a-init.o)
                              /Users/domenicoamelino/Documents/openstm32/Eclipse.app/Contents/Eclipse/plugins/fr.ac6.mcu.externaltools.arm-none.macos64_1.6.0.201601291255/tools/compiler/bin/../lib/gcc/arm-none-eabi/5.2.1/../../../../arm-none-eabi/lib/armv7e-m/fpu/crt0.o (__libc_init_array)
/Users/domenicoamelino/Documents/openstm32/Eclipse.app/Contents/Eclipse/plugins/fr.ac6.mcu.externaltools.arm-none.macos64_1.6.0.201601291255/tools/compiler/bin/../lib/gcc/arm-none-eabi/5.2.1/../../../../arm-none-eabi/lib/armv7e-m/fpu/libc.a(lib_a-memset.o)
                              /Users/domenicoamelino/Documents/openstm32/Eclipse.app/Contents/Eclipse/plugins/fr.ac6.mcu.externaltools.arm-none.macos64_1.6.0.201601291255/tools/compiler/bin/../lib/gcc/arm-none-eabi/5.2.1/../../../../arm-none-eabi/lib/armv7e-m/fpu/crt0.o (memset)
/Users/domenicoamelino/Documents/openstm32/Eclipse.app/Contents/Eclipse/plugins/fr.ac6.mcu.externaltools.arm-none.macos64_1.6.0.201601291255/tools/compiler/bin/../lib/gcc/arm-none-eabi/5.2.1/../../../../arm-none-eabi/lib/armv7e-m/fpu/libc.a(lib_a-__call_atexit.o)
                              /Users/domenicoamelino/Documents/openstm32/Eclipse.app/Contents/Eclipse/plugins/fr.ac6.mcu.externaltools.arm-none.macos64_1.6.0.201601291255/tools/compiler/bin/../lib/gcc/arm-none-eabi/5.2.1/../../../../arm-none-eabi/lib/armv7e-m/fpu/libc.a(lib_a-exit.o) (__call_exitprocs)
/Users/domenicoamelino/Documents/openstm32/Eclipse.app/Contents/Eclipse/plugins/fr.ac6.mcu.externaltools.arm-none.macos64_1.6.0.201601291255/tools/compiler/bin/../lib/gcc/arm-none-eabi/5.2.1/../../../../arm-none-eabi/lib/armv7e-m/fpu/libc.a(lib_a-atexit.o)
                              /Users/domenicoamelino/Documents/openstm32/Eclipse.app/Contents/Eclipse/plugins/fr.ac6.mcu.externaltools.arm-none.macos64_1.6.0.201601291255/tools/compiler/bin/../lib/gcc/arm-none-eabi/5.2.1/../../../../arm-none-eabi/lib/armv7e-m/fpu/libc.a(lib_a-__call_atexit.o) (atexit)
/Users/domenicoamelino/Documents/openstm32/Eclipse.app/Contents/Eclipse/plugins/fr.ac6.mcu.externaltools.arm-none.macos64_1.6.0.201601291255/tools/compiler/bin/../lib/gcc/arm-none-eabi/5.2.1/../../../../arm-none-eabi/lib/armv7e-m/fpu/libc.a(lib_a-fini.o)
                              /Users/domenicoamelino/Documents/openstm32/Eclipse.app/Contents/Eclipse/plugins/fr.ac6.mcu.externaltools.arm-none.macos64_1.6.0.201601291255/tools/compiler/bin/../lib/gcc/arm-none-eabi/5.2.1/../../../../arm-none-eabi/lib/armv7e-m/fpu/libc.a(lib_a-__call_atexit.o) (__libc_fini_array)
/Users/domenicoamelino/Documents/openstm32/Eclipse.app/Contents/Eclipse/plugins/fr.ac6.mcu.externaltools.arm-none.macos64_1.6.0.201601291255/tools/compiler/bin/../lib/gcc/arm-none-eabi/5.2.1/../../../../arm-none-eabi/lib/armv7e-m/fpu/libc.a(lib_a-__atexit.o)
                              /Users/domenicoamelino/Documents/openstm32/Eclipse.app/Contents/Eclipse/plugins/fr.ac6.mcu.externaltools.arm-none.macos64_1.6.0.201601291255/tools/compiler/bin/../lib/gcc/arm-none-eabi/5.2.1/../../../../arm-none-eabi/lib/armv7e-m/fpu/libc.a(lib_a-atexit.o) (__register_exitproc)

Allocating common symbols
Common symbol       size              file

LIS3DSH             0x6               src/main.o
LIS3DSH_RAW         0x5               src/main.o
[...]
Memory Configuration

Name             Origin             Length             Attributes
FLASH            0x0000000008000000 0x0000000000100000 xr
RAM              0x0000000020000000 0x0000000000020000 xrw
MEMORY_B1        0x0000000060000000 0x0000000000000000 xr
CCM              0x0000000010000000 0x0000000000010000 rw
*default*        0x0000000000000000 0xffffffffffffffff

Linker script and memory map

LOAD /Users/domenicoamelino/Documents/openstm32/Eclipse.app/Contents/Eclipse/plugins/fr.ac6.mcu.externaltools.arm-none.macos64_1.6.0.201601291255/tools/compiler/bin/../lib/gcc/arm-none-eabi/5.2.1/armv7e-m/fpu/crti.o
LOAD /Users/domenicoamelino/Documents/openstm32/Eclipse.app/Contents/Eclipse/plugins/fr.ac6.mcu.externaltools.arm-none.macos64_1.6.0.201601291255/tools/compiler/bin/../lib/gcc/arm-none-eabi/5.2.1/armv7e-m/fpu/crtbegin.o
LOAD /Users/domenicoamelino/Documents/openstm32/Eclipse.app/Contents/Eclipse/plugins/fr.ac6.mcu.externaltools.arm-none.macos64_1.6.0.201601291255/tools/compiler/bin/../lib/gcc/arm-none-eabi/5.2.1/../../../../arm-none-eabi/lib/armv7e-m/fpu/crt0.o
LOAD /Users/domenicoamelino/Documents/openstm32/Eclipse.app/Contents/Eclipse/plugins/fr.ac6.mcu.externaltools.arm-none.macos64_1.6.0.201601291255/tools/compiler/bin/../lib/gcc/arm-none-eabi/5.2.1/../../../../arm-none-eabi/lib/armv7e-m/fpu/libm.a
LOAD StdPeriph_Driver/src/misc.o
LOAD StdPeriph_Driver/src/stm32f4xx_adc.o
LOAD StdPeriph_Driver/src/stm32f4xx_can.o
LOAD StdPeriph_Driver/src/stm32f4xx_crc.o
LOAD StdPeriph_Driver/src/stm32f4xx_cryp.o
LOAD StdPeriph_Driver/src/stm32f4xx_cryp_aes.o
LOAD StdPeriph_Driver/src/stm32f4xx_cryp_des.o
LOAD StdPeriph_Driver/src/stm32f4xx_cryp_tdes.o
LOAD StdPeriph_Driver/src/stm32f4xx_dac.o
LOAD StdPeriph_Driver/src/stm32f4xx_dbgmcu.o
LOAD StdPeriph_Driver/src/stm32f4xx_dcmi.o
LOAD StdPeriph_Driver/src/stm32f4xx_dma.o
LOAD StdPeriph_Driver/src/stm32f4xx_exti.o
LOAD StdPeriph_Driver/src/stm32f4xx_flash.o
LOAD StdPeriph_Driver/src/stm32f4xx_fsmc.o
LOAD StdPeriph_Driver/src/stm32f4xx_gpio.o
LOAD StdPeriph_Driver/src/stm32f4xx_hash.o
LOAD StdPeriph_Driver/src/stm32f4xx_hash_md5.o
LOAD StdPeriph_Driver/src/stm32f4xx_hash_sha1.o
LOAD StdPeriph_Driver/src/stm32f4xx_i2c.o
LOAD StdPeriph_Driver/src/stm32f4xx_iwdg.o
LOAD StdPeriph_Driver/src/stm32f4xx_pwr.o
LOAD StdPeriph_Driver/src/stm32f4xx_rcc.o
LOAD StdPeriph_Driver/src/stm32f4xx_rng.o
LOAD StdPeriph_Driver/src/stm32f4xx_rtc.o
LOAD StdPeriph_Driver/src/stm32f4xx_sdio.o
LOAD StdPeriph_Driver/src/stm32f4xx_spi.o
LOAD StdPeriph_Driver/src/stm32f4xx_syscfg.o
LOAD StdPeriph_Driver/src/stm32f4xx_tim.o
LOAD StdPeriph_Driver/src/stm32f4xx_usart.o
LOAD StdPeriph_Driver/src/stm32f4xx_wwdg.o
LOAD Utilities/stm32f4_discovery.o
LOAD Utilities/stm32f4_discovery_lis302dl.o
LOAD src/main.o
LOAD src/syscalls.o
LOAD src/system_stm32f4xx.o
LOAD src/ub_lib/stm32_ub_led.o
LOAD src/ub_lib/stm32_ub_lis3dsh.o
LOAD src/ub_lib/stm32_ub_spi1.o
LOAD startup/startup_stm32f4xx.o
START GROUP
LOAD /Users/domenicoamelino/Documents/openstm32/Eclipse.app/Contents/Eclipse/plugins/fr.ac6.mcu.externaltools.arm-none.macos64_1.6.0.201601291255/tools/compiler/bin/../lib/gcc/arm-none-eabi/5.2.1/armv7e-m/fpu/libgcc.a
LOAD /Users/domenicoamelino/Documents/openstm32/Eclipse.app/Contents/Eclipse/plugins/fr.ac6.mcu.externaltools.arm-none.macos64_1.6.0.201601291255/tools/compiler/bin/../lib/gcc/arm-none-eabi/5.2.1/../../../../arm-none-eabi/lib/armv7e-m/fpu/libc.a
END GROUP
LOAD /Users/domenicoamelino/Documents/openstm32/Eclipse.app/Contents/Eclipse/plugins/fr.ac6.mcu.externaltools.arm-none.macos64_1.6.0.201601291255/tools/compiler/bin/../lib/gcc/arm-none-eabi/5.2.1/armv7e-m/fpu/crtend.o
LOAD /Users/domenicoamelino/Documents/openstm32/Eclipse.app/Contents/Eclipse/plugins/fr.ac6.mcu.externaltools.arm-none.macos64_1.6.0.201601291255/tools/compiler/bin/../lib/gcc/arm-none-eabi/5.2.1/armv7e-m/fpu/crtn.o
                0x0000000020020000                _estack = 0x20020000
                0x0000000000000000                _Min_Heap_Size = 0x0
                0x0000000000000400                _Min_Stack_Size = 0x400

.isr_vector     0x0000000020000000      0x188
                0x0000000020000000                . = ALIGN (0x4)
 *(.isr_vector)
 .isr_vector    0x0000000020000000      0x188 startup/startup_stm32f4xx.o
                0x0000000020000000                g_pfnVectors
                0x0000000020000188                . = ALIGN (0x4)

.text           0x0000000020000188      0xe74
                0x0000000020000188                . = ALIGN (0x4)
 *(.text)
 .text          0x0000000020000188       0xa4 /Users/domenicoamelino/Documents/openstm32/Eclipse.app/Contents/Eclipse/plugins/fr.ac6.mcu.externaltools.arm-none.macos64_1.6.0.201601291255/tools/compiler/bin/../lib/gcc/arm-none-eabi/5.2.1/armv7e-m/fpu/crtbegin.o
 *(.text*)
 .text.GPIO_Init
                0x000000002000022c      0x11c StdPeriph_Driver/src/stm32f4xx_gpio.o
                0x000000002000022c                GPIO_Init
 .text.GPIO_PinAFConfig
                0x0000000020000348       0x94 StdPeriph_Driver/src/stm32f4xx_gpio.o
                0x0000000020000348                GPIO_PinAFConfig
 .text.RCC_AHB1PeriphClockCmd
                0x00000000200003dc       0x40 StdPeriph_Driver/src/stm32f4xx_rcc.o
                0x00000000200003dc                RCC_AHB1PeriphClockCmd
 .text.RCC_APB2PeriphClockCmd
                0x000000002000041c       0x40 StdPeriph_Driver/src/stm32f4xx_rcc.o
                0x000000002000041c                RCC_APB2PeriphClockCmd
 .text.SPI_Init
                0x000000002000045c       0x88 StdPeriph_Driver/src/stm32f4xx_spi.o
                0x000000002000045c                SPI_Init
 .text.SPI_Cmd  0x00000000200004e4       0x40 StdPeriph_Driver/src/stm32f4xx_spi.o
                0x00000000200004e4                SPI_Cmd
 .text.SPI_I2S_ReceiveData
                0x0000000020000524       0x1c StdPeriph_Driver/src/stm32f4xx_spi.o
                0x0000000020000524                SPI_I2S_ReceiveData
 .text.SPI_I2S_SendData
                0x0000000020000540       0x20 StdPeriph_Driver/src/stm32f4xx_spi.o
                0x0000000020000540                SPI_I2S_SendData
 .text.SPI_I2S_GetFlagStatus
                0x0000000020000560       0x38 StdPeriph_Driver/src/stm32f4xx_spi.o
                0x0000000020000560                SPI_I2S_GetFlagStatus
 .text.main     0x0000000020000598       0xa8 src/main.o
                0x0000000020000598                main
 .text.delay    0x0000000020000640       0x28 src/main.o
                0x0000000020000640                delay
 .text.SystemInit
                0x0000000020000668       0x5c src/system_stm32f4xx.o
                0x0000000020000668                SystemInit
 .text.SetSysClock
                0x00000000200006c4      0x128 src/system_stm32f4xx.o
 .text.UB_Led_Init
                0x00000000200007ec       0xa8 src/ub_lib/stm32_ub_led.o
                0x00000000200007ec                UB_Led_Init
 .text.UB_Led_Off
                0x0000000020000894       0x40 src/ub_lib/stm32_ub_led.o
                0x0000000020000894                UB_Led_Off
 .text.UB_Led_On
                0x00000000200008d4       0x40 src/ub_lib/stm32_ub_led.o
                0x00000000200008d4                UB_Led_On
 .text.UB_LIS3DSH_Init
                0x0000000020000914      0x12c src/ub_lib/stm32_ub_lis3dsh.o
                0x0000000020000914                UB_LIS3DSH_Init
 .text.UB_LIS3DSH_Read
                0x0000000020000a40       0x3c src/ub_lib/stm32_ub_lis3dsh.o
                0x0000000020000a40                UB_LIS3DSH_Read
 .text.P_LIS3DSH_CalcData
                0x0000000020000a7c      0x110 src/ub_lib/stm32_ub_lis3dsh.o
                0x0000000020000a7c                P_LIS3DSH_CalcData
 .text.P_LIS3DSH_initIO
                0x0000000020000b8c       0x38 src/ub_lib/stm32_ub_lis3dsh.o
                0x0000000020000b8c                P_LIS3DSH_initIO
 .text.P_LIS3DSH_CS
                0x0000000020000bc4       0x30 src/ub_lib/stm32_ub_lis3dsh.o
                0x0000000020000bc4                P_LIS3DSH_CS
 .text.P_LIS3DSH_Read1Adr
                0x0000000020000bf4       0x48 src/ub_lib/stm32_ub_lis3dsh.o
                0x0000000020000bf4                P_LIS3DSH_Read1Adr
 .text.P_LIS3DSH_Write1Adr
                0x0000000020000c3c       0x3c src/ub_lib/stm32_ub_lis3dsh.o
                0x0000000020000c3c                P_LIS3DSH_Write1Adr
 .text.UB_SPI1_Init
                0x0000000020000c78      0x188 src/ub_lib/stm32_ub_spi1.o
                0x0000000020000c78                UB_SPI1_Init
 .text.UB_SPI1_SendByte
                0x0000000020000e00       0x54 src/ub_lib/stm32_ub_spi1.o
                0x0000000020000e00                UB_SPI1_SendByte
 .text.Reset_Handler
                0x0000000020000e54       0x48 startup/startup_stm32f4xx.o
                0x0000000020000e54                Reset_Handler
 .text.Default_Handler
                0x0000000020000e9c        0x2 startup/startup_stm32f4xx.o
                0x0000000020000e9c                DMA1_Stream3_IRQHandler
                0x0000000020000e9c                HASH_RNG_IRQHandler
                0x0000000020000e9c                EXTI2_IRQHandler
                0x0000000020000e9c                TIM8_CC_IRQHandler
                0x0000000020000e9c                DebugMon_Handler
                0x0000000020000e9c                TIM1_CC_IRQHandler
                0x0000000020000e9c                DMA2_Stream5_IRQHandler
                0x0000000020000e9c                HardFault_Handler
                0x0000000020000e9c                DMA1_Stream5_IRQHandler
                0x0000000020000e9c                SysTick_Handler
                0x0000000020000e9c                PVD_IRQHandler
                0x0000000020000e9c                SDIO_IRQHandler
                0x0000000020000e9c                TAMP_STAMP_IRQHandler
                0x0000000020000e9c                PendSV_Handler
                0x0000000020000e9c                NMI_Handler
                0x0000000020000e9c                CAN2_RX1_IRQHandler
                0x0000000020000e9c                EXTI3_IRQHandler
                0x0000000020000e9c                TIM8_TRG_COM_TIM14_IRQHandler
                0x0000000020000e9c                TIM1_UP_TIM10_IRQHandler
                0x0000000020000e9c                TIM8_UP_TIM13_IRQHandler
                0x0000000020000e9c                I2C3_ER_IRQHandler
                0x0000000020000e9c                EXTI0_IRQHandler
                0x0000000020000e9c                I2C2_EV_IRQHandler
                0x0000000020000e9c                DMA1_Stream2_IRQHandler
                0x0000000020000e9c                CAN1_RX0_IRQHandler
                0x0000000020000e9c                FPU_IRQHandler
                0x0000000020000e9c                OTG_HS_WKUP_IRQHandler
                0x0000000020000e9c                UsageFault_Handler
                0x0000000020000e9c                CAN2_SCE_IRQHandler
                0x0000000020000e9c                DMA2_Stream2_IRQHandler
                0x0000000020000e9c                SPI1_IRQHandler
                0x0000000020000e9c                TIM6_DAC_IRQHandler
                0x0000000020000e9c                TIM1_BRK_TIM9_IRQHandler
                0x0000000020000e9c                DCMI_IRQHandler
                0x0000000020000e9c                CAN2_RX0_IRQHandler
                0x0000000020000e9c                DMA2_Stream3_IRQHandler
                0x0000000020000e9c                USART6_IRQHandler
                0x0000000020000e9c                USART3_IRQHandler
                0x0000000020000e9c                CRYP_IRQHandler
                0x0000000020000e9c                CAN1_RX1_IRQHandler
                0x0000000020000e9c                UART5_IRQHandler
                0x0000000020000e9c                DMA2_Stream0_IRQHandler
                0x0000000020000e9c                TIM4_IRQHandler
                0x0000000020000e9c                I2C1_EV_IRQHandler
                0x0000000020000e9c                DMA1_Stream6_IRQHandler
                0x0000000020000e9c                DMA1_Stream1_IRQHandler
                0x0000000020000e9c                UART4_IRQHandler
                0x0000000020000e9c                TIM3_IRQHandler
                0x0000000020000e9c                RCC_IRQHandler
                0x0000000020000e9c                TIM8_BRK_TIM12_IRQHandler
                0x0000000020000e9c                Default_Handler
                0x0000000020000e9c                EXTI15_10_IRQHandler
                0x0000000020000e9c                ADC_IRQHandler
                0x0000000020000e9c                DMA1_Stream7_IRQHandler
                0x0000000020000e9c                TIM7_IRQHandler
                0x0000000020000e9c                CAN2_TX_IRQHandler
                0x0000000020000e9c                TIM5_IRQHandler
                0x0000000020000e9c                DMA2_Stream7_IRQHandler
                0x0000000020000e9c                I2C3_EV_IRQHandler
                0x0000000020000e9c                EXTI9_5_IRQHandler
                0x0000000020000e9c                RTC_WKUP_IRQHandler
                0x0000000020000e9c                ETH_WKUP_IRQHandler
                0x0000000020000e9c                SPI2_IRQHandler
                0x0000000020000e9c                OTG_HS_EP1_IN_IRQHandler
                0x0000000020000e9c                MemManage_Handler
                0x0000000020000e9c                DMA1_Stream0_IRQHandler
                0x0000000020000e9c                CAN1_TX_IRQHandler
                0x0000000020000e9c                SVC_Handler
                0x0000000020000e9c                EXTI4_IRQHandler
                0x0000000020000e9c                FSMC_IRQHandler
                0x0000000020000e9c                ETH_IRQHandler
                0x0000000020000e9c                OTG_HS_EP1_OUT_IRQHandler
                0x0000000020000e9c                WWDG_IRQHandler
                0x0000000020000e9c                TIM2_IRQHandler
                0x0000000020000e9c                OTG_FS_WKUP_IRQHandler
                0x0000000020000e9c                TIM1_TRG_COM_TIM11_IRQHandler
                0x0000000020000e9c                OTG_HS_IRQHandler
                0x0000000020000e9c                EXTI1_IRQHandler
                0x0000000020000e9c                USART2_IRQHandler
                0x0000000020000e9c                I2C2_ER_IRQHandler
                0x0000000020000e9c                DMA2_Stream1_IRQHandler
                0x0000000020000e9c                CAN1_SCE_IRQHandler
                0x0000000020000e9c                FLASH_IRQHandler
                0x0000000020000e9c                DMA2_Stream4_IRQHandler
                0x0000000020000e9c                BusFault_Handler
                0x0000000020000e9c                USART1_IRQHandler
                0x0000000020000e9c                OTG_FS_IRQHandler
                0x0000000020000e9c                SPI3_IRQHandler
                0x0000000020000e9c                DMA1_Stream4_IRQHandler
                0x0000000020000e9c                I2C1_ER_IRQHandler
                0x0000000020000e9c                DMA2_Stream6_IRQHandler
                0x0000000020000e9c                RTC_Alarm_IRQHandler
 *fill*         0x0000000020000e9e        0x2 
 .text.__libc_init_array
                0x0000000020000ea0       0x50 /Users/domenicoamelino/Documents/openstm32/Eclipse.app/Contents/Eclipse/plugins/fr.ac6.mcu.externaltools.arm-none.macos64_1.6.0.201601291255/tools/compiler/bin/../lib/gcc/arm-none-eabi/5.2.1/../../../../arm-none-eabi/lib/armv7e-m/fpu/libc.a(lib_a-init.o)
                0x0000000020000ea0                __libc_init_array
 .text.startup.register_fini
                0x0000000020000ef0       0x14 /Users/domenicoamelino/Documents/openstm32/Eclipse.app/Contents/Eclipse/plugins/fr.ac6.mcu.externaltools.arm-none.macos64_1.6.0.201601291255/tools/compiler/bin/../lib/gcc/arm-none-eabi/5.2.1/../../../../arm-none-eabi/lib/armv7e-m/fpu/libc.a(lib_a-__call_atexit.o)
 .text.atexit   0x0000000020000f04        0xc /Users/domenicoamelino/Documents/openstm32/Eclipse.app/Contents/Eclipse/plugins/fr.ac6.mcu.externaltools.arm-none.macos64_1.6.0.201601291255/tools/compiler/bin/../lib/gcc/arm-none-eabi/5.2.1/../../../../arm-none-eabi/lib/armv7e-m/fpu/libc.a(lib_a-atexit.o)
                0x0000000020000f04                atexit
 .text.__libc_fini_array
                0x0000000020000f10       0x28 /Users/domenicoamelino/Documents/openstm32/Eclipse.app/Contents/Eclipse/plugins/fr.ac6.mcu.externaltools.arm-none.macos64_1.6.0.201601291255/tools/compiler/bin/../lib/gcc/arm-none-eabi/5.2.1/../../../../arm-none-eabi/lib/armv7e-m/fpu/libc.a(lib_a-fini.o)
                0x0000000020000f10                __libc_fini_array
 .text.__register_exitproc
                0x0000000020000f38       0xa4 /Users/domenicoamelino/Documents/openstm32/Eclipse.app/Contents/Eclipse/plugins/fr.ac6.mcu.externaltools.arm-none.macos64_1.6.0.201601291255/tools/compiler/bin/../lib/gcc/arm-none-eabi/5.2.1/../../../../arm-none-eabi/lib/armv7e-m/fpu/libc.a(lib_a-__atexit.o)
                0x0000000020000f38                __register_exitproc
 *(.rodata)
 *(.rodata*)
 .rodata.str1.4
                0x0000000020000fdc        0x4 /Users/domenicoamelino/Documents/openstm32/Eclipse.app/Contents/Eclipse/plugins/fr.ac6.mcu.externaltools.arm-none.macos64_1.6.0.201601291255/tools/compiler/bin/../lib/gcc/arm-none-eabi/5.2.1/../../../../arm-none-eabi/lib/armv7e-m/fpu/libc.a(lib_a-impure.o)
                                          0x2 (size before relaxing)
 .rodata._global_impure_ptr
                0x0000000020000fe0        0x4 /Users/domenicoamelino/Documents/openstm32/Eclipse.app/Contents/Eclipse/plugins/fr.ac6.mcu.externaltools.arm-none.macos64_1.6.0.201601291255/tools/compiler/bin/../lib/gcc/arm-none-eabi/5.2.1/../../../../arm-none-eabi/lib/armv7e-m/fpu/libc.a(lib_a-impure.o)
                0x0000000020000fe0                _global_impure_ptr
 *(.glue_7)
 .glue_7        0x0000000020000fe4        0x0 linker stubs
 *(.glue_7t)
 .glue_7t       0x0000000020000fe4        0x0 linker stubs
 *(.eh_frame)
 .eh_frame      0x0000000020000fe4        0x0 /Users/domenicoamelino/Documents/openstm32/Eclipse.app/Contents/Eclipse/plugins/fr.ac6.mcu.externaltools.arm-none.macos64_1.6.0.201601291255/tools/compiler/bin/../lib/gcc/arm-none-eabi/5.2.1/armv7e-m/fpu/crtbegin.o
 *(.init)
 .init          0x0000000020000fe4        0x4 /Users/domenicoamelino/Documents/openstm32/Eclipse.app/Contents/Eclipse/plugins/fr.ac6.mcu.externaltools.arm-none.macos64_1.6.0.201601291255/tools/compiler/bin/../lib/gcc/arm-none-eabi/5.2.1/armv7e-m/fpu/crti.o
                0x0000000020000fe4                _init
 .init          0x0000000020000fe8        0x8 /Users/domenicoamelino/Documents/openstm32/Eclipse.app/Contents/Eclipse/plugins/fr.ac6.mcu.externaltools.arm-none.macos64_1.6.0.201601291255/tools/compiler/bin/../lib/gcc/arm-none-eabi/5.2.1/armv7e-m/fpu/crtn.o
 *(.fini)
 .fini          0x0000000020000ff0        0x4 /Users/domenicoamelino/Documents/openstm32/Eclipse.app/Contents/Eclipse/plugins/fr.ac6.mcu.externaltools.arm-none.macos64_1.6.0.201601291255/tools/compiler/bin/../lib/gcc/arm-none-eabi/5.2.1/armv7e-m/fpu/crti.o
                0x0000000020000ff0                _fini
 .fini          0x0000000020000ff4        0x8 /Users/domenicoamelino/Documents/openstm32/Eclipse.app/Contents/Eclipse/plugins/fr.ac6.mcu.externaltools.arm-none.macos64_1.6.0.201601291255/tools/compiler/bin/../lib/gcc/arm-none-eabi/5.2.1/armv7e-m/fpu/crtn.o
                0x0000000020000ffc                . = ALIGN (0x4)
                0x0000000020000ffc                _etext = .

.vfp11_veneer   0x0000000020000ffc        0x0
 .vfp11_veneer  0x0000000020000ffc        0x0 linker stubs

.v4_bx          0x0000000020000ffc        0x0
 .v4_bx         0x0000000020000ffc        0x0 linker stubs

.iplt           0x0000000020000ffc        0x0
 .iplt          0x0000000020000ffc        0x0 /Users/domenicoamelino/Documents/openstm32/Eclipse.app/Contents/Eclipse/plugins/fr.ac6.mcu.externaltools.arm-none.macos64_1.6.0.201601291255/tools/compiler/bin/../lib/gcc/arm-none-eabi/5.2.1/armv7e-m/fpu/crtbegin.o

.rel.dyn        0x0000000020000ffc        0x0
 .rel.iplt      0x0000000020000ffc        0x0 /Users/domenicoamelino/Documents/openstm32/Eclipse.app/Contents/Eclipse/plugins/fr.ac6.mcu.externaltools.arm-none.macos64_1.6.0.201601291255/tools/compiler/bin/../lib/gcc/arm-none-eabi/5.2.1/armv7e-m/fpu/crtbegin.o

.ARM.extab
 *(.ARM.extab* .gnu.linkonce.armextab.*)

.ARM            0x0000000020000ffc        0x0
                0x0000000020000ffc                __exidx_start = .
 *(.ARM.exidx*)
                0x0000000020000ffc                __exidx_end = .

.preinit_array  0x0000000020000ffc        0x0
                0x0000000020000ffc                PROVIDE (__preinit_array_start, .)
 *(.preinit_array*)
                0x0000000020000ffc                PROVIDE (__preinit_array_end, .)

.init_array     0x0000000020000ffc        0x8
                0x0000000020000ffc                PROVIDE (__init_array_start, .)
 *(SORT(.init_array.*))
 .init_array.00000
                0x0000000020000ffc        0x4 /Users/domenicoamelino/Documents/openstm32/Eclipse.app/Contents/Eclipse/plugins/fr.ac6.mcu.externaltools.arm-none.macos64_1.6.0.201601291255/tools/compiler/bin/../lib/gcc/arm-none-eabi/5.2.1/../../../../arm-none-eabi/lib/armv7e-m/fpu/libc.a(lib_a-__call_atexit.o)
 *(.init_array*)
 .init_array    0x0000000020001000        0x4 /Users/domenicoamelino/Documents/openstm32/Eclipse.app/Contents/Eclipse/plugins/fr.ac6.mcu.externaltools.arm-none.macos64_1.6.0.201601291255/tools/compiler/bin/../lib/gcc/arm-none-eabi/5.2.1/armv7e-m/fpu/crtbegin.o
                0x0000000020001004                PROVIDE (__init_array_end, .)

.fini_array     0x0000000020001004        0x4
                0x0000000020001004                PROVIDE (__fini_array_start, .)
 *(.fini_array*)
 .fini_array    0x0000000020001004        0x4 /Users/domenicoamelino/Documents/openstm32/Eclipse.app/Contents/Eclipse/plugins/fr.ac6.mcu.externaltools.arm-none.macos64_1.6.0.201601291255/tools/compiler/bin/../lib/gcc/arm-none-eabi/5.2.1/armv7e-m/fpu/crtbegin.o
 *(SORT(.fini_array.*))
                0x0000000020001008                PROVIDE (__fini_array_end, .)
                0x0000000020001008                _sidata = .

.data           0x0000000020001008      0x4a8
                0x0000000020001008                . = ALIGN (0x4)
                0x0000000020001008                _sdata = .
 *(.data)
 .data          0x0000000020001008       0x50 src/ub_lib/stm32_ub_led.o
                0x0000000020001008                LED
 .data          0x0000000020001058       0x30 src/ub_lib/stm32_ub_spi1.o
                0x0000000020001058                SPI1DEV
 *(.data*)
 .data.impure_data
                0x0000000020001088      0x428 /Users/domenicoamelino/Documents/openstm32/Eclipse.app/Contents/Eclipse/plugins/fr.ac6.mcu.externaltools.arm-none.macos64_1.6.0.201601291255/tools/compiler/bin/../lib/gcc/arm-none-eabi/5.2.1/../../../../arm-none-eabi/lib/armv7e-m/fpu/libc.a(lib_a-impure.o)
                0x00000000200014b0                . = ALIGN (0x4)
                0x00000000200014b0                _edata = .

.jcr            0x00000000200014b0        0x0
 .jcr           0x00000000200014b0        0x0 /Users/domenicoamelino/Documents/openstm32/Eclipse.app/Contents/Eclipse/plugins/fr.ac6.mcu.externaltools.arm-none.macos64_1.6.0.201601291255/tools/compiler/bin/../lib/gcc/arm-none-eabi/5.2.1/armv7e-m/fpu/crtbegin.o

.tm_clone_table
                0x00000000200014b0        0x0
 .tm_clone_table
                0x00000000200014b0        0x0 /Users/domenicoamelino/Documents/openstm32/Eclipse.app/Contents/Eclipse/plugins/fr.ac6.mcu.externaltools.arm-none.macos64_1.6.0.201601291255/tools/compiler/bin/../lib/gcc/arm-none-eabi/5.2.1/armv7e-m/fpu/crtbegin.o
 .tm_clone_table
                0x00000000200014b0        0x0 /Users/domenicoamelino/Documents/openstm32/Eclipse.app/Contents/Eclipse/plugins/fr.ac6.mcu.externaltools.arm-none.macos64_1.6.0.201601291255/tools/compiler/bin/../lib/gcc/arm-none-eabi/5.2.1/armv7e-m/fpu/crtend.o

.igot.plt       0x00000000200014b0        0x0
 .igot.plt      0x00000000200014b0        0x0 /Users/domenicoamelino/Documents/openstm32/Eclipse.app/Contents/Eclipse/plugins/fr.ac6.mcu.externaltools.arm-none.macos64_1.6.0.201601291255/tools/compiler/bin/../lib/gcc/arm-none-eabi/5.2.1/armv7e-m/fpu/crtbegin.o
                0x00000000200014b0                . = ALIGN (0x4)

.bss            0x00000000200014b0       0x30
                0x00000000200014b0                _sbss = .
                0x00000000200014b0                __bss_start__ = _sbss
 *(.bss)
 .bss           0x00000000200014b0       0x1c /Users/domenicoamelino/Documents/openstm32/Eclipse.app/Contents/Eclipse/plugins/fr.ac6.mcu.externaltools.arm-none.macos64_1.6.0.201601291255/tools/compiler/bin/../lib/gcc/arm-none-eabi/5.2.1/armv7e-m/fpu/crtbegin.o
 .bss           0x00000000200014cc        0x2 src/ub_lib/stm32_ub_spi1.o
 *(.bss*)
 *(COMMON)
 *fill*         0x00000000200014ce        0x2 
 COMMON         0x00000000200014d0        0xd src/main.o
                0x00000000200014d0                LIS3DSH
                0x00000000200014d8                LIS3DSH_RAW
                0x00000000200014e0                . = ALIGN (0x4)
 *fill*         0x00000000200014dd        0x3 
                0x00000000200014e0                _ebss = .
                0x00000000200014e0                __bss_end__ = _ebss

._user_heap_stack
                0x00000000200014e0      0x400
                0x00000000200014e0                . = ALIGN (0x8)
                0x00000000200014e0                PROVIDE (end, .)
                [!provide]                        PROVIDE (_end, .)
                0x00000000200014e0                . = (. + _Min_Heap_Size)
                0x00000000200018e0                . = (. + _Min_Stack_Size)
 *fill*         0x00000000200014e0      0x400 
                0x00000000200018e0                . = ALIGN (0x8)

.memory_b1_text
 *(.mb1text)
 *(.mb1text*)
 *(.mb1rodata)
 *(.mb1rodata*)

/DISCARD/
 libc.a(*)
 libm.a(*)
 libgcc.a(*)

.ARM.attributes
                0x0000000000000000       0x30
 *(.ARM.attributes)
 .ARM.attributes
                0x0000000000000000       0x22 /Users/domenicoamelino/Documents/openstm32/Eclipse.app/Contents/Eclipse/plugins/fr.ac6.mcu.externaltools.arm-none.macos64_1.6.0.201601291255/tools/compiler/bin/../lib/gcc/arm-none-eabi/5.2.1/armv7e-m/fpu/crti.o
 .ARM.attributes
                0x0000000000000022       0x34 /Users/domenicoamelino/Documents/openstm32/Eclipse.app/Contents/Eclipse/plugins/fr.ac6.mcu.externaltools.arm-none.macos64_1.6.0.201601291255/tools/compiler/bin/../lib/gcc/arm-none-eabi/5.2.1/armv7e-m/fpu/crtbegin.o
 .ARM.attributes
                0x0000000000000056       0x39 StdPeriph_Driver/src/stm32f4xx_gpio.o
 .ARM.attributes
                0x000000000000008f       0x39 StdPeriph_Driver/src/stm32f4xx_rcc.o
 .ARM.attributes
                0x00000000000000c8       0x39 StdPeriph_Driver/src/stm32f4xx_spi.o
 .ARM.attributes
                0x0000000000000101       0x39 src/main.o
 .ARM.attributes
                0x000000000000013a       0x39 src/system_stm32f4xx.o
 .ARM.attributes
                0x0000000000000173       0x39 src/ub_lib/stm32_ub_led.o
 .ARM.attributes
                0x00000000000001ac       0x39 src/ub_lib/stm32_ub_lis3dsh.o
 .ARM.attributes
                0x00000000000001e5       0x39 src/ub_lib/stm32_ub_spi1.o
 .ARM.attributes
                0x000000000000021e       0x21 startup/startup_stm32f4xx.o
 .ARM.attributes
                0x000000000000023f       0x34 /Users/domenicoamelino/Documents/openstm32/Eclipse.app/Contents/Eclipse/plugins/fr.ac6.mcu.externaltools.arm-none.macos64_1.6.0.201601291255/tools/compiler/bin/../lib/gcc/arm-none-eabi/5.2.1/../../../../arm-none-eabi/lib/armv7e-m/fpu/libc.a(lib_a-impure.o)
 .ARM.attributes
                0x0000000000000273       0x34 /Users/domenicoamelino/Documents/openstm32/Eclipse.app/Contents/Eclipse/plugins/fr.ac6.mcu.externaltools.arm-none.macos64_1.6.0.201601291255/tools/compiler/bin/../lib/gcc/arm-none-eabi/5.2.1/../../../../arm-none-eabi/lib/armv7e-m/fpu/libc.a(lib_a-init.o)
 .ARM.attributes
                0x00000000000002a7       0x34 /Users/domenicoamelino/Documents/openstm32/Eclipse.app/Contents/Eclipse/plugins/fr.ac6.mcu.externaltools.arm-none.macos64_1.6.0.201601291255/tools/compiler/bin/../lib/gcc/arm-none-eabi/5.2.1/../../../../arm-none-eabi/lib/armv7e-m/fpu/libc.a(lib_a-__call_atexit.o)
 .ARM.attributes
                0x00000000000002db       0x34 /Users/domenicoamelino/Documents/openstm32/Eclipse.app/Contents/Eclipse/plugins/fr.ac6.mcu.externaltools.arm-none.macos64_1.6.0.201601291255/tools/compiler/bin/../lib/gcc/arm-none-eabi/5.2.1/../../../../arm-none-eabi/lib/armv7e-m/fpu/libc.a(lib_a-atexit.o)
 .ARM.attributes
                0x000000000000030f       0x34 /Users/domenicoamelino/Documents/openstm32/Eclipse.app/Contents/Eclipse/plugins/fr.ac6.mcu.externaltools.arm-none.macos64_1.6.0.201601291255/tools/compiler/bin/../lib/gcc/arm-none-eabi/5.2.1/../../../../arm-none-eabi/lib/armv7e-m/fpu/libc.a(lib_a-fini.o)
 .ARM.attributes
                0x0000000000000343       0x34 /Users/domenicoamelino/Documents/openstm32/Eclipse.app/Contents/Eclipse/plugins/fr.ac6.mcu.externaltools.arm-none.macos64_1.6.0.201601291255/tools/compiler/bin/../lib/gcc/arm-none-eabi/5.2.1/../../../../arm-none-eabi/lib/armv7e-m/fpu/libc.a(lib_a-__atexit.o)
 .ARM.attributes
                0x0000000000000377       0x34 /Users/domenicoamelino/Documents/openstm32/Eclipse.app/Contents/Eclipse/plugins/fr.ac6.mcu.externaltools.arm-none.macos64_1.6.0.201601291255/tools/compiler/bin/../lib/gcc/arm-none-eabi/5.2.1/armv7e-m/fpu/crtend.o
 .ARM.attributes
                0x00000000000003ab       0x22 /Users/domenicoamelino/Documents/openstm32/Eclipse.app/Contents/Eclipse/plugins/fr.ac6.mcu.externaltools.arm-none.macos64_1.6.0.201601291255/tools/compiler/bin/../lib/gcc/arm-none-eabi/5.2.1/armv7e-m/fpu/crtn.o
OUTPUT(acc_test.elf elf32-littlearm)

.debug_info     0x0000000000000000     0x3603
 .debug_info    0x0000000000000000      0x622 StdPeriph_Driver/src/stm32f4xx_gpio.o
 .debug_info    0x0000000000000622      0xc61 StdPeriph_Driver/src/stm32f4xx_rcc.o
 .debug_info    0x0000000000001283      0xb17 StdPeriph_Driver/src/stm32f4xx_spi.o
 .debug_info    0x0000000000001d9a      0x24b src/main.o
 .debug_info    0x0000000000001fe5      0x59e src/system_stm32f4xx.o
 .debug_info    0x0000000000002583      0x43e src/ub_lib/stm32_ub_led.o
 .debug_info    0x00000000000029c1      0x5d1 src/ub_lib/stm32_ub_lis3dsh.o
 .debug_info    0x0000000000002f92      0x5e9 src/ub_lib/stm32_ub_spi1.o
 .debug_info    0x000000000000357b       0x88 startup/startup_stm32f4xx.o

.debug_abbrev   0x0000000000000000      0xbd7
 .debug_abbrev  0x0000000000000000      0x1ac StdPeriph_Driver/src/stm32f4xx_gpio.o
 .debug_abbrev  0x00000000000001ac      0x1ea StdPeriph_Driver/src/stm32f4xx_rcc.o
 .debug_abbrev  0x0000000000000396      0x16e StdPeriph_Driver/src/stm32f4xx_spi.o
 .debug_abbrev  0x0000000000000504      0x107 src/main.o
 .debug_abbrev  0x000000000000060b      0x13d src/system_stm32f4xx.o
 .debug_abbrev  0x0000000000000748      0x152 src/ub_lib/stm32_ub_led.o
 .debug_abbrev  0x000000000000089a      0x1d9 src/ub_lib/stm32_ub_lis3dsh.o
 .debug_abbrev  0x0000000000000a73      0x152 src/ub_lib/stm32_ub_spi1.o
 .debug_abbrev  0x0000000000000bc5       0x12 startup/startup_stm32f4xx.o

.debug_aranges  0x0000000000000000      0x420
 .debug_aranges
                0x0000000000000000       0x88 StdPeriph_Driver/src/stm32f4xx_gpio.o
 .debug_aranges
                0x0000000000000088      0x178 StdPeriph_Driver/src/stm32f4xx_rcc.o
 .debug_aranges
                0x0000000000000200       0xe0 StdPeriph_Driver/src/stm32f4xx_spi.o
 .debug_aranges
                0x00000000000002e0       0x28 src/main.o
 .debug_aranges
                0x0000000000000308       0x30 src/system_stm32f4xx.o
 .debug_aranges
                0x0000000000000338       0x40 src/ub_lib/stm32_ub_led.o
 .debug_aranges
                0x0000000000000378       0x58 src/ub_lib/stm32_ub_lis3dsh.o
 .debug_aranges
                0x00000000000003d0       0x28 src/ub_lib/stm32_ub_spi1.o
 .debug_aranges
                0x00000000000003f8       0x28 startup/startup_stm32f4xx.o

.debug_ranges   0x0000000000000000      0x398
 .debug_ranges  0x0000000000000000       0x78 StdPeriph_Driver/src/stm32f4xx_gpio.o
 .debug_ranges  0x0000000000000078      0x168 StdPeriph_Driver/src/stm32f4xx_rcc.o
 .debug_ranges  0x00000000000001e0       0xd0 StdPeriph_Driver/src/stm32f4xx_spi.o
 .debug_ranges  0x00000000000002b0       0x18 src/main.o
 .debug_ranges  0x00000000000002c8       0x20 src/system_stm32f4xx.o
 .debug_ranges  0x00000000000002e8       0x30 src/ub_lib/stm32_ub_led.o
 .debug_ranges  0x0000000000000318       0x48 src/ub_lib/stm32_ub_lis3dsh.o
 .debug_ranges  0x0000000000000360       0x18 src/ub_lib/stm32_ub_spi1.o
 .debug_ranges  0x0000000000000378       0x20 startup/startup_stm32f4xx.o

.debug_macro    0x0000000000000000     0x1b44
 .debug_macro   0x0000000000000000      0x1b4 StdPeriph_Driver/src/stm32f4xx_gpio.o
 .debug_macro   0x00000000000001b4      0x25f StdPeriph_Driver/src/stm32f4xx_gpio.o
 .debug_macro   0x0000000000000413      0x258 StdPeriph_Driver/src/stm32f4xx_rcc.o
 .debug_macro   0x000000000000066b      0x532 StdPeriph_Driver/src/stm32f4xx_rcc.o
 .debug_macro   0x0000000000000b9d      0x1e0 StdPeriph_Driver/src/stm32f4xx_spi.o
 .debug_macro   0x0000000000000d7d      0x364 StdPeriph_Driver/src/stm32f4xx_spi.o
 .debug_macro   0x00000000000010e1      0x1dd src/main.o
 .debug_macro   0x00000000000012be       0xb2 src/main.o
 .debug_macro   0x0000000000001370      0x1d7 src/system_stm32f4xx.o
 .debug_macro   0x0000000000001547      0x1be src/ub_lib/stm32_ub_led.o
 .debug_macro   0x0000000000001705      0x1d1 src/ub_lib/stm32_ub_lis3dsh.o
 .debug_macro   0x00000000000018d6       0xac src/ub_lib/stm32_ub_lis3dsh.o
 .debug_macro   0x0000000000001982      0x1c2 src/ub_lib/stm32_ub_spi1.o

.debug_line     0x0000000000000000     0x4229
 .debug_line    0x0000000000000000      0x85a StdPeriph_Driver/src/stm32f4xx_gpio.o
 .debug_line    0x000000000000085a      0xaa0 StdPeriph_Driver/src/stm32f4xx_rcc.o
 .debug_line    0x00000000000012fa      0x954 StdPeriph_Driver/src/stm32f4xx_spi.o
 .debug_line    0x0000000000001c4e      0x763 src/main.o
 .debug_line    0x00000000000023b1      0x75c src/system_stm32f4xx.o
 .debug_line    0x0000000000002b0d      0x75a src/ub_lib/stm32_ub_led.o
 .debug_line    0x0000000000003267      0x7f7 src/ub_lib/stm32_ub_lis3dsh.o
 .debug_line    0x0000000000003a5e      0x750 src/ub_lib/stm32_ub_spi1.o
 .debug_line    0x00000000000041ae       0x7b startup/startup_stm32f4xx.o

.debug_str      0x0000000000000000    0x57454
 .debug_str     0x0000000000000000    0x55d67 StdPeriph_Driver/src/stm32f4xx_gpio.o
                                      0x55f1a (size before relaxing)
 .debug_str     0x0000000000055d67      0xb4e StdPeriph_Driver/src/stm32f4xx_rcc.o
                                      0x5679b (size before relaxing)
 .debug_str     0x00000000000568b5      0x3d6 StdPeriph_Driver/src/stm32f4xx_spi.o
                                      0x561db (size before relaxing)
 .debug_str     0x0000000000056c8b      0x38c src/main.o
                                      0x55f94 (size before relaxing)
 .debug_str     0x0000000000057017      0x13b src/system_stm32f4xx.o
                                      0x55e65 (size before relaxing)
 .debug_str     0x0000000000057152       0xce src/ub_lib/stm32_ub_led.o
                                      0x55e93 (size before relaxing)
 .debug_str     0x0000000000057220      0x199 src/ub_lib/stm32_ub_lis3dsh.o
                                      0x5625e (size before relaxing)
 .debug_str     0x00000000000573b9       0x9b src/ub_lib/stm32_ub_spi1.o
                                      0x55fe8 (size before relaxing)

.comment        0x0000000000000000       0x6e
 .comment       0x0000000000000000       0x6e StdPeriph_Driver/src/stm32f4xx_gpio.o
                                         0x6f (size before relaxing)
 .comment       0x000000000000006e       0x6f StdPeriph_Driver/src/stm32f4xx_rcc.o
 .comment       0x000000000000006e       0x6f StdPeriph_Driver/src/stm32f4xx_spi.o
 .comment       0x000000000000006e       0x6f src/main.o
 .comment       0x000000000000006e       0x6f src/system_stm32f4xx.o
 .comment       0x000000000000006e       0x6f src/ub_lib/stm32_ub_led.o
 .comment       0x000000000000006e       0x6f src/ub_lib/stm32_ub_lis3dsh.o
 .comment       0x000000000000006e       0x6f src/ub_lib/stm32_ub_spi1.o

.debug_frame    0x0000000000000000     0x1134
 .debug_frame   0x0000000000000000      0x23c StdPeriph_Driver/src/stm32f4xx_gpio.o
 .debug_frame   0x000000000000023c      0x6d4 StdPeriph_Driver/src/stm32f4xx_rcc.o
 .debug_frame   0x0000000000000910      0x3f4 StdPeriph_Driver/src/stm32f4xx_spi.o
 .debug_frame   0x0000000000000d04       0x58 src/main.o
 .debug_frame   0x0000000000000d5c       0x7c src/system_stm32f4xx.o
 .debug_frame   0x0000000000000dd8       0xd0 src/ub_lib/stm32_ub_led.o
 .debug_frame   0x0000000000000ea8      0x130 src/ub_lib/stm32_ub_lis3dsh.o
 .debug_frame   0x0000000000000fd8       0x58 src/ub_lib/stm32_ub_spi1.o
 .debug_frame   0x0000000000001030       0x2c /Users/domenicoamelino/Documents/openstm32/Eclipse.app/Contents/Eclipse/plugins/fr.ac6.mcu.externaltools.arm-none.macos64_1.6.0.201601291255/tools/compiler/bin/../lib/gcc/arm-none-eabi/5.2.1/../../../../arm-none-eabi/lib/armv7e-m/fpu/libc.a(lib_a-init.o)
 .debug_frame   0x000000000000105c       0x50 /Users/domenicoamelino/Documents/openstm32/Eclipse.app/Contents/Eclipse/plugins/fr.ac6.mcu.externaltools.arm-none.macos64_1.6.0.201601291255/tools/compiler/bin/../lib/gcc/arm-none-eabi/5.2.1/../../../../arm-none-eabi/lib/armv7e-m/fpu/libc.a(lib_a-__call_atexit.o)
 .debug_frame   0x00000000000010ac       0x20 /Users/domenicoamelino/Documents/openstm32/Eclipse.app/Contents/Eclipse/plugins/fr.ac6.mcu.externaltools.arm-none.macos64_1.6.0.201601291255/tools/compiler/bin/../lib/gcc/arm-none-eabi/5.2.1/../../../../arm-none-eabi/lib/armv7e-m/fpu/libc.a(lib_a-atexit.o)
 .debug_frame   0x00000000000010cc       0x34 /Users/domenicoamelino/Documents/openstm32/Eclipse.app/Contents/Eclipse/plugins/fr.ac6.mcu.externaltools.arm-none.macos64_1.6.0.201601291255/tools/compiler/bin/../lib/gcc/arm-none-eabi/5.2.1/../../../../arm-none-eabi/lib/armv7e-m/fpu/libc.a(lib_a-fini.o)
 .debug_frame   0x0000000000001100       0x34 /Users/domenicoamelino/Documents/openstm32/Eclipse.app/Contents/Eclipse/plugins/fr.ac6.mcu.externaltools.arm-none.macos64_1.6.0.201601291255/tools/compiler/bin/../lib/gcc/arm-none-eabi/5.2.1/../../../../arm-none-eabi/lib/armv7e-m/fpu/libc.a(lib_a-__atexit.o)
